3/14/2026 7:57:18 AM | Starting Axon daemon on :8400...
3/14/2026 7:57:19 AM | Axon daemon launched (background)
3/14/2026 7:57:24 AM | Axon daemon ready on :8400
3/14/2026 7:57:24 AM | Next.js already running on :3000 — skipping
3/14/2026 7:57:27 AM | Browser opened. PhantomX is live.
3/14/2026 8:03:30 AM | Axon daemon already running on :8400 — skipping
3/14/2026 8:03:31 AM | Starting PhantomX Next.js dev server on :3000...
3/14/2026 8:03:33 AM | Next.js dev server launched (background)
3/14/2026 8:03:38 AM | Next.js dev server ready on :3000
3/14/2026 8:03:40 AM | Browser opened. PhantomX is live.
3/14/2026 11:44:42 AM | Axon daemon already running on :8400 — skipping
3/14/2026 11:44:44 AM | Starting PhantomX Next.js dev server on :3000...
3/14/2026 11:44:45 AM | Next.js dev server launched (background)
3/14/2026 11:44:49 AM | Next.js dev server ready on :3000
3/14/2026 11:44:51 AM | Browser opened. PhantomX is live.
3/14/2026 12:46:46 PM | Axon daemon already running on :8400 — skipping
3/14/2026 12:46:47 PM | Next.js already running on :3000 — skipping
3/14/2026 12:46:49 PM | Browser opened. PhantomX is live.
3/14/2026 12:54:17 PM | Starting Axon daemon on :8400...
3/14/2026 12:54:18 PM | Axon daemon launched (background)
3/14/2026 12:54:24 PM | Axon daemon ready on :8400
3/14/2026 12:54:25 PM | Next.js already running on :3000 — skipping
3/14/2026 12:54:27 PM | Browser opened. PhantomX is live.
3/14/2026 6:56:16 PM | Starting Axon daemon on :8400...
3/14/2026 6:56:17 PM | Axon daemon launched (background)
3/14/2026 6:56:22 PM | Axon daemon ready on :8400
3/14/2026 6:56:22 PM | Starting PhantomX Next.js dev server on :3000...
3/14/2026 6:56:23 PM | Next.js dev server launched (background)
3/14/2026 6:56:28 PM | Next.js dev server ready on :3000
3/14/2026 6:56:30 PM | Browser opened. PhantomX is live.
3/14/2026 10:50:50 PM | Axon daemon already running on :8400 — skipping
3/14/2026 10:50:51 PM | Next.js already running on :3000 — skipping
3/14/2026 10:50:54 PM | Browser opened. PhantomX is live.
3/15/2026 6:14:02 AM | Axon daemon already running on :8400 — skipping
3/15/2026 6:14:02 AM | Next.js already running on :3000 — skipping
3/15/2026 6:14:05 AM | Browser opened. PhantomX is live.
3/15/2026 6:48:05 AM | Axon daemon already running on :8400 — skipping
3/15/2026 6:48:06 AM | Next.js already running on :3000 — skipping
3/15/2026 6:48:08 AM | Browser opened. PhantomX is live.
3/15/2026 7:35:49 AM | Axon daemon already running on :8400 — skipping
3/15/2026 7:35:50 AM | Next.js already running on :3000 — skipping
3/15/2026 7:35:53 AM | Browser opened. PhantomX is live.
3/15/2026 8:39:14 AM | Axon daemon already running on :8400 — skipping
3/15/2026 8:39:15 AM | Next.js already running on :3000 — skipping
3/15/2026 8:39:18 AM | Browser opened. PhantomX is live.
3/15/2026 8:50:50 AM | Axon daemon already running on :8400 — skipping
3/15/2026 8:50:51 AM | Next.js already running on :3000 — skipping
3/15/2026 8:50:53 AM | Browser opened. PhantomX is live.
3/15/2026 9:29:50 AM | Axon daemon already running on :8400 — skipping
3/15/2026 9:29:50 AM | Starting PhantomX Next.js dev server on :3000...
3/15/2026 9:29:51 AM | Next.js dev server launched (background)
3/15/2026 9:29:56 AM | Next.js dev server ready on :3000
3/15/2026 9:29:59 AM | Browser opened. PhantomX is live.
3/15/2026 11:37:17 AM | Starting Axon daemon on :8400...
3/15/2026 11:37:18 AM | Axon daemon launched (background)
3/15/2026 11:37:21 AM | Axon daemon ready on :8400
3/15/2026 11:37:22 AM | Next.js already running on :3000 — skipping
3/15/2026 11:37:24 AM | Browser opened. PhantomX is live.
3/15/2026 1:34:47 PM | Axon daemon already running on :8400 — skipping
3/15/2026 1:34:48 PM | Starting PhantomX Next.js dev server on :3000...
3/15/2026 1:34:49 PM | Next.js dev server launched (background)
3/15/2026 1:34:56 PM | Next.js dev server ready on :3000
3/15/2026 1:34:59 PM | Browser opened. PhantomX is live.
3/15/2026 1:46:48 PM | Axon daemon already running on :8400 — skipping
3/15/2026 1:46:49 PM | Next.js already running on :3000 — skipping
3/15/2026 1:46:53 PM | Browser opened. PhantomX is live.
3/15/2026 5:52:25 PM | Axon daemon already running on :8400 — skipping
3/15/2026 5:52:26 PM | Next.js already running on :3000 — skipping
3/15/2026 5:52:29 PM | Browser opened. PhantomX is live.
3/15/2026 8:12:43 PM | Axon daemon already running on :8400 — skipping
3/15/2026 8:12:44 PM | Starting PhantomX Next.js dev server on :3000...
3/15/2026 8:12:45 PM | Next.js dev server launched (background)
3/15/2026 8:14:00 PM | WARNING: Next.js may still be compiling — opening browser anyway
3/15/2026 8:14:03 PM | Browser opened. PhantomX is live.
3/15/2026 8:16:52 PM | Starting Axon daemon on :8400...
3/15/2026 8:16:53 PM | Axon daemon launched (background)
3/15/2026 8:17:01 PM | Axon daemon ready on :8400
3/15/2026 8:17:02 PM | Starting PhantomX Next.js dev server on :3000...
3/15/2026 8:17:03 PM | Next.js dev server launched (background)
3/15/2026 8:17:11 PM | Next.js dev server ready on :3000
3/15/2026 8:17:13 PM | Browser opened. PhantomX is live.
3/19/2026 7:49:02 AM | Starting Axon daemon on :8400...
3/19/2026 7:49:03 AM | Axon daemon launched (background)
3/19/2026 7:49:09 AM | Axon daemon ready on :8400
3/19/2026 7:49:10 AM | Next.js already running on :3000 — skipping
3/19/2026 7:49:12 AM | Browser opened. PhantomX is live.
3/19/2026 7:51:50 AM | Axon daemon already running on :8400 — skipping
3/19/2026 7:51:52 AM | Starting PhantomX Next.js dev server on :3000...
3/19/2026 7:51:53 AM | Next.js dev server launched (background)
3/19/2026 7:52:01 AM | Next.js dev server ready on :3000
3/19/2026 7:52:03 AM | Browser opened. PhantomX is live.
3/19/2026 7:54:39 AM | Axon daemon already running on :8400 — skipping
3/19/2026 7:54:40 AM | Next.js already running on :3000 — skipping
3/19/2026 7:54:42 AM | Browser opened. PhantomX is live.
